<html>
<body>
<pre>
<h1>µVision Build Log</h1>
<h2>Project:</h2>
G:\keil\Labware\Lab10_TrafficLight\Lab10.uvproj
Project File Date:  04/26/2016

<h2>Output:</h2>
Build target 'Lab10'
compiling TableTrafficLight.c...
linking...
Program Size: Code=4472 RO-data=14404 RW-data=72 ZI-data=1752  
".\Lab10.axf" - 0 Error(s), 0 Warning(s).
Load "G:\\keil\\Labware\\Lab10_TrafficLight\\Lab10.axf" 
Connecting: Mode=JTAG, Speed=1000000Hz
Erase Done.
Programming Done.
Verify OK.
</pre>
</body>
</html>
