<html>
<body>
<pre>
<h1>µVision Build Log</h1>
<h2>Project:</h2>
G:\keil\Labware\Lab11_UART\Lab11.uvproj
Project File Date:  04/06/2016

<h2>Output:</h2>
Build target 'Lab11'
compiling UART.c...
linking...
Program Size: Code=3048 RO-data=696 RW-data=44 ZI-data=1764  
".\Lab11.axf" - 0 Error(s), 0 Warning(s).
</pre>
</body>
</html>
ab11_UART\\Lab11.axf" 
Connecting: Mode=JTAG, Speed=1000000Hz
Connection failed!, error code=&d
Error: Flash Download failed  -  Target DLL has been cancelled
