ARM Linker, 5.03 [Build 76] [MDK-ARM Lite]

==============================================================================

Section Cross References

    startup.o(STACK) refers (Special) to heapauxi.o(.text) for __use_two_region_memory
    startup.o(HEAP) refers (Special) to heapauxi.o(.text) for __use_two_region_memory
    startup.o(RESET) refers (Special) to heapauxi.o(.text) for __use_two_region_memory
    startup.o(RESET) refers to startup.o(STACK) for StackMem
    startup.o(RESET) refers to spaceinvaders.o(i.SysTick_Handler) for SysTick_Handler
    startup.o(RESET) refers to virtualnokia5110.o(i.UART0_Handler) for UART0_Handler
    startup.o(RESET) refers to sound.o(i.Timer2A_Handler) for Timer2A_Handler
    startup.o(RESET) refers to texas.o(i.Timer4A_Handler) for Timer4A_Handler
    startup.o(RESET) refers to texas.o(i.Timer5A_Handler) for Timer5A_Handler
    startup.o(RESET) refers to __main.o(!!!main) for __main
    startup.o(.text) refers (Special) to heapauxi.o(.text) for __use_two_region_memory
    startup.o(.text) refers to startup.o(HEAP) for HeapMem
    startup.o(.text) refers to startup.o(STACK) for StackMem
    random.o(.text) refers to random.o(DATA) for M
    spaceinvaders.o(i.Draw) refers to adc.o(i.ADC0_In) for ADC0_In
    spaceinvaders.o(i.Draw) refers to spaceinvaders.o(i.Convert) for Convert
    spaceinvaders.o(i.Draw) refers to virtualnokia5110.o(i.Nokia5110_ClearBuffer) for Nokia5110_ClearBuffer
    spaceinvaders.o(i.Draw) refers to virtualnokia5110.o(i.Nokia5110_PrintBMP) for Nokia5110_PrintBMP
    spaceinvaders.o(i.Draw) refers to virtualnokia5110.o(i.Nokia5110_DisplayBuffer) for Nokia5110_DisplayBuffer
    spaceinvaders.o(i.Draw) refers to spaceinvaders.o(.data) for ADCdata
    spaceinvaders.o(i.Draw) refers to spaceinvaders.o(.bss) for Enemy
    spaceinvaders.o(i.Draw) refers to spaceinvaders.o(.constdata) for SmallExplosion0
    spaceinvaders.o(i.Draw1) refers to adc.o(i.ADC0_In) for ADC0_In
    spaceinvaders.o(i.Draw1) refers to spaceinvaders.o(i.Convert) for Convert
    spaceinvaders.o(i.Draw1) refers to virtualnokia5110.o(i.Nokia5110_ClearBuffer) for Nokia5110_ClearBuffer
    spaceinvaders.o(i.Draw1) refers to virtualnokia5110.o(i.Nokia5110_PrintBMP) for Nokia5110_PrintBMP
    spaceinvaders.o(i.Draw1) refers to virtualnokia5110.o(i.Nokia5110_DisplayBuffer) for Nokia5110_DisplayBuffer
    spaceinvaders.o(i.Draw1) refers to spaceinvaders.o(.data) for ADCdata
    spaceinvaders.o(i.Draw1) refers to spaceinvaders.o(.bss) for Enemy
    spaceinvaders.o(i.Draw1) refers to spaceinvaders.o(.constdata) for SmallExplosion0
    spaceinvaders.o(i.Init) refers to spaceinvaders.o(.constdata) for PlayerShip0
    spaceinvaders.o(i.Init) refers to spaceinvaders.o(.bss) for player
    spaceinvaders.o(i.Moveleft) refers to spaceinvaders.o(.bss) for Enemy
    spaceinvaders.o(i.Moveleft) refers to spaceinvaders.o(.data) for f4
    spaceinvaders.o(i.Moveright) refers to spaceinvaders.o(.bss) for Enemy
    spaceinvaders.o(i.Moveright) refers to spaceinvaders.o(.data) for f4
    spaceinvaders.o(i.Sound1_Init) refers to spaceinvaders.o(.data) for TimerCount
    spaceinvaders.o(i.SysTick_Handler) refers to spaceinvaders.o(i.Moveright) for Moveright
    spaceinvaders.o(i.SysTick_Handler) refers to spaceinvaders.o(i.Moveleft) for Moveleft
    spaceinvaders.o(i.SysTick_Handler) refers to spaceinvaders.o(.data) for f2
    spaceinvaders.o(i.main) refers to texas.o(i.TExaS_Init) for TExaS_Init
    spaceinvaders.o(i.main) refers to random.o(.text) for Random_Init
    spaceinvaders.o(i.main) refers to virtualnokia5110.o(i.Nokia5110_Init) for Nokia5110_Init
    spaceinvaders.o(i.main) refers to startup.o(.text) for EnableInterrupts
    spaceinvaders.o(i.main) refers to virtualnokia5110.o(i.Nokia5110_ClearBuffer) for Nokia5110_ClearBuffer
    spaceinvaders.o(i.main) refers to virtualnokia5110.o(i.Nokia5110_DisplayBuffer) for Nokia5110_DisplayBuffer
    spaceinvaders.o(i.main) refers to virtualnokia5110.o(i.Nokia5110_Clear) for Nokia5110_Clear
    spaceinvaders.o(i.main) refers to virtualnokia5110.o(i.Nokia5110_SetCursor) for Nokia5110_SetCursor
    spaceinvaders.o(i.main) refers to virtualnokia5110.o(i.Nokia5110_OutString) for Nokia5110_OutString
    spaceinvaders.o(i.main) refers to spaceinvaders.o(i.Delay100ms) for Delay100ms
    spaceinvaders.o(i.main) refers to spaceinvaders.o(i.Init) for Init
    spaceinvaders.o(i.main) refers to spaceinvaders.o(i.Sound1_Init) for Sound1_Init
    spaceinvaders.o(i.main) refers to sound.o(i.Timer2_Init) for Timer2_Init
    spaceinvaders.o(i.main) refers to adc.o(i.ADC0_Init) for ADC0_Init
    spaceinvaders.o(i.main) refers to sound.o(i.Sound_Shoot) for Sound_Shoot
    spaceinvaders.o(i.main) refers to adc.o(i.ADC0_In) for ADC0_In
    spaceinvaders.o(i.main) refers to spaceinvaders.o(i.Convert) for Convert
    spaceinvaders.o(i.main) refers to sound.o(i.Sound_Killed) for Sound_Killed
    spaceinvaders.o(i.main) refers to spaceinvaders.o(i.Draw) for Draw
    spaceinvaders.o(i.main) refers to virtualnokia5110.o(i.Nokia5110_OutUDec) for Nokia5110_OutUDec
    spaceinvaders.o(i.main) refers to spaceinvaders.o(.data) for TimerCount
    spaceinvaders.o(i.main) refers to spaceinvaders.o(.bss) for Enemy
    spaceinvaders.o(i.main) refers to spaceinvaders.o(i.Draw1) for Draw1
    texas.o(i.SetCode) refers to texas.o(.bss) for TExaS
    texas.o(i.SetCourse) refers to texas.o(.bss) for TExaS
    texas.o(i.SetMode) refers to texas.o(.bss) for TExaS
    texas.o(i.StartTimer4) refers to texas.o(.data) for ScopeCount
    texas.o(i.TExaS_Init) refers to texas.o(i.PLL_Init) for PLL_Init
    texas.o(i.TExaS_Init) refers to texas.o(i.SetCourse) for SetCourse
    texas.o(i.TExaS_Init) refers to texas.o(i.UART0_Init) for UART0_Init
    texas.o(i.TExaS_Init) refers to texas.o(i.SetCode) for SetCode
    texas.o(i.TExaS_Init) refers to texas.o(i.ADC1_Init) for ADC1_Init
    texas.o(i.TExaS_Init) refers to texas.o(.constdata) for IntroMsg
    texas.o(i.TExaS_Init) refers to texas.o(.bss) for TExaS
    texas.o(i.TExaS_Init) refers to texas.o(.data) for LastMode
    texas.o(i.Timer5A_Handler) refers to texas.o(i.ADC1_In) for ADC1_In
    texas.o(i.Timer5A_Handler) refers to texas.o(.data) for TExaS_Period
    virtualnokia5110.o(i.Nokia5110_Clear) refers to virtualnokia5110.o(i.UART_OutChar) for UART_OutChar
    virtualnokia5110.o(i.Nokia5110_Clear) refers to virtualnokia5110.o(i.Nokia5110_SetCursor) for Nokia5110_SetCursor
    virtualnokia5110.o(i.Nokia5110_ClearBuffer) refers to virtualnokia5110.o(i.UART_OutChar) for UART_OutChar
    virtualnokia5110.o(i.Nokia5110_DisplayBuffer) refers to virtualnokia5110.o(i.UART_OutChar) for UART_OutChar
    virtualnokia5110.o(i.Nokia5110_DrawFullImage) refers to virtualnokia5110.o(i.UART_OutChar) for UART_OutChar
    virtualnokia5110.o(i.Nokia5110_Init) refers to virtualnokia5110.o(i.UART_Init) for UART_Init
    virtualnokia5110.o(i.Nokia5110_Init) refers to virtualnokia5110.o(.bss) for BMPtable
    virtualnokia5110.o(i.Nokia5110_OutChar) refers to virtualnokia5110.o(i.UART_OutChar) for UART_OutChar
    virtualnokia5110.o(i.Nokia5110_OutString) refers to virtualnokia5110.o(i.Nokia5110_OutChar) for Nokia5110_OutChar
    virtualnokia5110.o(i.Nokia5110_OutUDec) refers to virtualnokia5110.o(i.Nokia5110_OutString) for Nokia5110_OutString
    virtualnokia5110.o(i.Nokia5110_OutUDec) refers to virtualnokia5110.o(i.Nokia5110_OutChar) for Nokia5110_OutChar
    virtualnokia5110.o(i.Nokia5110_PrintBMP) refers to virtualnokia5110.o(i.UART_OutChar) for UART_OutChar
    virtualnokia5110.o(i.Nokia5110_PrintBMP) refers to virtualnokia5110.o(.bss) for BMPtable
    virtualnokia5110.o(i.Nokia5110_SetCursor) refers to virtualnokia5110.o(i.UART_OutChar) for UART_OutChar
    virtualnokia5110.o(i.RxFifo_Get) refers to virtualnokia5110.o(.data) for RxPutI
    virtualnokia5110.o(i.RxFifo_Get) refers to virtualnokia5110.o(.bss) for RxFifo
    virtualnokia5110.o(i.RxFifo_Init) refers to startup.o(.text) for StartCritical
    virtualnokia5110.o(i.RxFifo_Init) refers to virtualnokia5110.o(.data) for RxGetI
    virtualnokia5110.o(i.RxFifo_Put) refers to virtualnokia5110.o(.data) for RxPutI
    virtualnokia5110.o(i.RxFifo_Put) refers to virtualnokia5110.o(.bss) for RxFifo
    virtualnokia5110.o(i.RxFifo_Size) refers to virtualnokia5110.o(.data) for RxPutI
    virtualnokia5110.o(i.TxFifo_Get) refers to virtualnokia5110.o(.data) for TxPutI
    virtualnokia5110.o(i.TxFifo_Get) refers to virtualnokia5110.o(.bss) for TxFifo
    virtualnokia5110.o(i.TxFifo_Init) refers to startup.o(.text) for StartCritical
    virtualnokia5110.o(i.TxFifo_Init) refers to virtualnokia5110.o(.data) for TxGetI
    virtualnokia5110.o(i.TxFifo_Put) refers to virtualnokia5110.o(.data) for TxPutI
    virtualnokia5110.o(i.TxFifo_Put) refers to virtualnokia5110.o(.bss) for TxFifo
    virtualnokia5110.o(i.TxFifo_Size) refers to virtualnokia5110.o(.data) for TxPutI
    virtualnokia5110.o(i.UART0_Handler) refers to virtualnokia5110.o(i.copySoftwareToHardware) for copySoftwareToHardware
    virtualnokia5110.o(i.UART0_Handler) refers to virtualnokia5110.o(i.TxFifo_Size) for TxFifo_Size
    virtualnokia5110.o(i.UART0_Handler) refers to virtualnokia5110.o(i.copyHardwareToSoftware) for copyHardwareToSoftware
    virtualnokia5110.o(i.UART_InChar) refers to virtualnokia5110.o(i.RxFifo_Get) for RxFifo_Get
    virtualnokia5110.o(i.UART_Init) refers to virtualnokia5110.o(i.RxFifo_Init) for RxFifo_Init
    virtualnokia5110.o(i.UART_Init) refers to virtualnokia5110.o(i.TxFifo_Init) for TxFifo_Init
    virtualnokia5110.o(i.UART_OutChar) refers to virtualnokia5110.o(i.TxFifo_Put) for TxFifo_Put
    virtualnokia5110.o(i.UART_OutChar) refers to virtualnokia5110.o(i.copySoftwareToHardware) for copySoftwareToHardware
    virtualnokia5110.o(i.copyHardwareToSoftware) refers to virtualnokia5110.o(i.RxFifo_Put) for RxFifo_Put
    virtualnokia5110.o(i.copyHardwareToSoftware) refers to virtualnokia5110.o(i.RxFifo_Size) for RxFifo_Size
    virtualnokia5110.o(i.copySoftwareToHardware) refers to virtualnokia5110.o(i.TxFifo_Get) for TxFifo_Get
    virtualnokia5110.o(i.copySoftwareToHardware) refers to virtualnokia5110.o(i.TxFifo_Size) for TxFifo_Size
    sound.o(i.Sound_Killed) refers to sound.o(i.Sound_Play) for Sound_Play
    sound.o(i.Sound_Killed) refers to sound.o(.constdata) for invaderkilled
    sound.o(i.Sound_Play) refers to sound.o(i.Timer2A_Start) for Timer2A_Start
    sound.o(i.Sound_Play) refers to sound.o(.data) for Wave
    sound.o(i.Sound_Shoot) refers to sound.o(i.Sound_Play) for Sound_Play
    sound.o(i.Sound_Shoot) refers to sound.o(.constdata) for shoot
    sound.o(i.Timer2A_Handler) refers to dac.o(i.DAC_Out) for DAC_Out
    sound.o(i.Timer2A_Handler) refers to sound.o(i.Timer2A_Stop) for Timer2A_Stop
    sound.o(i.Timer2A_Handler) refers to sound.o(.data) for Count1
    sound.o(i.Timer2_Init) refers to dac.o(i.DAC_Init) for DAC_Init
    sound.o(i.Timer2_Init) refers to sound.o(.data) for Index
    __main.o(!!!main) refers to rtentry.o(.ARM.Collect$$rtentry$$00000000) for __rt_entry
    rtentry.o(.ARM.Collect$$rtentry$$00000000) refers (Special) to rtentry2.o(.ARM.Collect$$rtentry$$0000000A) for __rt_entry_li
    rtentry.o(.ARM.Collect$$rtentry$$00000000) refers (Special) to rtentry2.o(.ARM.Collect$$rtentry$$0000000D) for __rt_entry_main
    rtentry.o(.ARM.Collect$$rtentry$$00000000) refers (Special) to rtentry2.o(.ARM.Collect$$rtentry$$0000000C) for __rt_entry_postli_1
    rtentry.o(.ARM.Collect$$rtentry$$00000000) refers (Special) to rtentry2.o(.ARM.Collect$$rtentry$$00000009) for __rt_entry_postsh_1
    rtentry.o(.ARM.Collect$$rtentry$$00000000) refers (Special) to rtentry2.o(.ARM.Collect$$rtentry$$00000002) for __rt_entry_presh_1
    rtentry.o(.ARM.Collect$$rtentry$$00000000) refers (Special) to rtentry4.o(.ARM.Collect$$rtentry$$00000004) for __rt_entry_sh
    rtentry2.o(.ARM.Collect$$rtentry$$00000008) refers to boardinit2.o(.text) for _platform_post_stackheap_init
    rtentry2.o(.ARM.Collect$$rtentry$$0000000A) refers to libinit.o(.ARM.Collect$$libinit$$00000000) for __rt_lib_init
    rtentry2.o(.ARM.Collect$$rtentry$$0000000B) refers to boardinit3.o(.text) for _platform_post_lib_init
    rtentry2.o(.ARM.Collect$$rtentry$$0000000D) refers to spaceinvaders.o(i.main) for main
    rtentry2.o(.ARM.Collect$$rtentry$$0000000D) refers to exit.o(.text) for exit
    rtentry2.o(.ARM.exidx) refers to rtentry2.o(.ARM.Collect$$rtentry$$00000001) for .ARM.Collect$$rtentry$$00000001
    rtentry2.o(.ARM.exidx) refers to rtentry2.o(.ARM.Collect$$rtentry$$00000008) for .ARM.Collect$$rtentry$$00000008
    rtentry2.o(.ARM.exidx) refers to rtentry2.o(.ARM.Collect$$rtentry$$0000000A) for .ARM.Collect$$rtentry$$0000000A
    rtentry2.o(.ARM.exidx) refers to rtentry2.o(.ARM.Collect$$rtentry$$0000000B) for .ARM.Collect$$rtentry$$0000000B
    rtentry2.o(.ARM.exidx) refers to rtentry2.o(.ARM.Collect$$rtentry$$0000000D) for .ARM.Collect$$rtentry$$0000000D
    rtentry4.o(.ARM.Collect$$rtentry$$00000004) refers to sys_stackheap_outer.o(.text) for __user_setup_stackheap
    rtentry4.o(.ARM.exidx) refers to rtentry4.o(.ARM.Collect$$rtentry$$00000004) for .ARM.Collect$$rtentry$$00000004
    sys_stackheap_outer.o(.text) refers to libspace.o(.text) for __user_perproc_libspace
    sys_stackheap_outer.o(.text) refers to startup.o(.text) for __user_initial_stackheap
    exit.o(.text) refers to rtexit.o(.ARM.Collect$$rtexit$$00000000) for __rt_exit
    libinit.o(.ARM.Collect$$libinit$$00000000) refers (Special) to libinit2.o(.ARM.Collect$$libinit$$0000002C) for __rt_lib_init_alloca_1
    libinit.o(.ARM.Collect$$libinit$$00000000) refers (Special) to libinit2.o(.ARM.Collect$$libinit$$0000002A) for __rt_lib_init_argv_1
    libinit.o(.ARM.Collect$$libinit$$00000000) refers (Special) to libinit2.o(.ARM.Collect$$libinit$$00000019) for __rt_lib_init_atexit_1
    libinit.o(.ARM.Collect$$libinit$$00000000) refers (Special) to libinit2.o(.ARM.Collect$$libinit$$0000001F) for __rt_lib_init_clock_1
    libinit.o(.ARM.Collect$$libinit$$00000000) refers (Special) to libinit2.o(.ARM.Collect$$libinit$$00000030) for __rt_lib_init_cpp_1
    libinit.o(.ARM.Collect$$libinit$$00000000) refers (Special) to libinit2.o(.ARM.Collect$$libinit$$0000002E) for __rt_lib_init_exceptions_1
    libinit.o(.ARM.Collect$$libinit$$00000000) refers (Special) to libinit2.o(.ARM.Collect$$libinit$$00000002) for __rt_lib_init_fp_1
    libinit.o(.ARM.Collect$$libinit$$00000000) refers (Special) to libinit2.o(.ARM.Collect$$libinit$$0000001D) for __rt_lib_init_fp_trap_1
    libinit.o(.ARM.Collect$$libinit$$00000000) refers (Special) to libinit2.o(.ARM.Collect$$libinit$$00000021) for __rt_lib_init_getenv_1
    libinit.o(.ARM.Collect$$libinit$$00000000) refers (Special) to libinit2.o(.ARM.Collect$$libinit$$00000008) for __rt_lib_init_heap_1
    libinit.o(.ARM.Collect$$libinit$$00000000) refers (Special) to libinit2.o(.ARM.Collect$$libinit$$0000000F) for __rt_lib_init_lc_collate_1
    libinit.o(.ARM.Collect$$libinit$$00000000) refers (Special) to libinit2.o(.ARM.Collect$$libinit$$00000011) for __rt_lib_init_lc_ctype_1
    libinit.o(.ARM.Collect$$libinit$$00000000) refers (Special) to libinit2.o(.ARM.Collect$$libinit$$00000013) for __rt_lib_init_lc_monetary_1
    libinit.o(.ARM.Collect$$libinit$$00000000) refers (Special) to libinit2.o(.ARM.Collect$$libinit$$00000015) for __rt_lib_init_lc_numeric_1
    libinit.o(.ARM.Collect$$libinit$$00000000) refers (Special) to libinit2.o(.ARM.Collect$$libinit$$00000017) for __rt_lib_init_lc_time_1
    libinit.o(.ARM.Collect$$libinit$$00000000) refers (Special) to libinit2.o(.ARM.Collect$$libinit$$0000000C) for __rt_lib_init_rand_1
    libinit.o(.ARM.Collect$$libinit$$00000000) refers (Special) to libinit2.o(.ARM.Collect$$libinit$$00000031) for __rt_lib_init_return
    libinit.o(.ARM.Collect$$libinit$$00000000) refers (Special) to libinit2.o(.ARM.Collect$$libinit$$0000001B) for __rt_lib_init_signal_1
    libinit.o(.ARM.Collect$$libinit$$00000000) refers (Special) to libinit2.o(.ARM.Collect$$libinit$$00000023) for __rt_lib_init_stdio_1
    libinit.o(.ARM.Collect$$libinit$$00000000) refers (Special) to libinit2.o(.ARM.Collect$$libinit$$0000000A) for __rt_lib_init_user_alloc_1
    libspace.o(.text) refers to libspace.o(.bss) for __libspace_start
    rtexit.o(.ARM.Collect$$rtexit$$00000000) refers (Special) to rtexit2.o(.ARM.Collect$$rtexit$$00000004) for __rt_exit_exit
    rtexit.o(.ARM.Collect$$rtexit$$00000000) refers (Special) to rtexit2.o(.ARM.Collect$$rtexit$$00000003) for __rt_exit_ls
    rtexit.o(.ARM.Collect$$rtexit$$00000000) refers (Special) to rtexit2.o(.ARM.Collect$$rtexit$$00000002) for __rt_exit_prels_1
    rtexit.o(.ARM.exidx) refers (Special) to rtexit2.o(.ARM.Collect$$rtexit$$00000004) for __rt_exit_exit
    rtexit.o(.ARM.exidx) refers (Special) to rtexit2.o(.ARM.Collect$$rtexit$$00000003) for __rt_exit_ls
    rtexit.o(.ARM.exidx) refers (Special) to rtexit2.o(.ARM.Collect$$rtexit$$00000002) for __rt_exit_prels_1
    rtexit.o(.ARM.exidx) refers to rtexit.o(.ARM.Collect$$rtexit$$00000000) for .ARM.Collect$$rtexit$$00000000
    libinit2.o(.ARM.Collect$$libinit$$0000000E) refers to libinit2.o(.ARM.Collect$$libinit$$0000000D) for .ARM.Collect$$libinit$$0000000D
    libinit2.o(.ARM.Collect$$libinit$$00000010) refers to libinit2.o(.ARM.Collect$$libinit$$0000000D) for .ARM.Collect$$libinit$$0000000D
    libinit2.o(.ARM.Collect$$libinit$$00000012) refers to libinit2.o(.ARM.Collect$$libinit$$0000000D) for .ARM.Collect$$libinit$$0000000D
    libinit2.o(.ARM.Collect$$libinit$$00000014) refers to libinit2.o(.ARM.Collect$$libinit$$0000000D) for .ARM.Collect$$libinit$$0000000D
    libinit2.o(.ARM.Collect$$libinit$$00000016) refers to libinit2.o(.ARM.Collect$$libinit$$0000000D) for .ARM.Collect$$libinit$$0000000D
    libinit2.o(.ARM.Collect$$libinit$$00000024) refers to argv_veneer.o(.emb_text) for __ARM_argv_veneer
    libinit2.o(.ARM.Collect$$libinit$$00000025) refers to argv_veneer.o(.emb_text) for __ARM_argv_veneer
    rtexit2.o(.ARM.Collect$$rtexit$$00000003) refers to libshutdown.o(.ARM.Collect$$libshutdown$$00000000) for __rt_lib_shutdown
    rtexit2.o(.ARM.Collect$$rtexit$$00000004) refers to sys_exit.o(.text) for _sys_exit
    rtexit2.o(.ARM.exidx) refers to rtexit2.o(.ARM.Collect$$rtexit$$00000001) for .ARM.Collect$$rtexit$$00000001
    rtexit2.o(.ARM.exidx) refers to rtexit2.o(.ARM.Collect$$rtexit$$00000003) for .ARM.Collect$$rtexit$$00000003
    rtexit2.o(.ARM.exidx) refers to rtexit2.o(.ARM.Collect$$rtexit$$00000004) for .ARM.Collect$$rtexit$$00000004
    argv_veneer.o(.emb_text) refers to no_argv.o(.text) for __ARM_get_argv
    sys_exit.o(.text) refers (Special) to use_no_semi.o(.text) for __I$use$semihosting
    sys_exit.o(.text) refers (Special) to indicate_semi.o(.text) for __semihosting_library_function
    _get_argv_nomalloc.o(.text) refers (Special) to hrguard.o(.text) for __heap_region$guard
    _get_argv_nomalloc.o(.text) refers to defsig_rtmem_outer.o(.text) for __rt_SIGRTMEM
    _get_argv_nomalloc.o(.text) refers to sys_command.o(.text) for _sys_command_string
    libshutdown.o(.ARM.Collect$$libshutdown$$00000000) refers (Special) to libshutdown2.o(.ARM.Collect$$libshutdown$$00000006) for __rt_lib_shutdown_fp_trap_1
    libshutdown.o(.ARM.Collect$$libshutdown$$00000000) refers (Special) to libshutdown2.o(.ARM.Collect$$libshutdown$$0000000E) for __rt_lib_shutdown_heap_1
    libshutdown.o(.ARM.Collect$$libshutdown$$00000000) refers (Special) to libshutdown2.o(.ARM.Collect$$libshutdown$$0000000F) for __rt_lib_shutdown_return
    libshutdown.o(.ARM.Collect$$libshutdown$$00000000) refers (Special) to libshutdown2.o(.ARM.Collect$$libshutdown$$00000009) for __rt_lib_shutdown_signal_1
    libshutdown.o(.ARM.Collect$$libshutdown$$00000000) refers (Special) to libshutdown2.o(.ARM.Collect$$libshutdown$$00000003) for __rt_lib_shutdown_stdio_1
    libshutdown.o(.ARM.Collect$$libshutdown$$00000000) refers (Special) to libshutdown2.o(.ARM.Collect$$libshutdown$$0000000B) for __rt_lib_shutdown_user_alloc_1
    sys_command.o(.text) refers (Special) to use_no_semi.o(.text) for __I$use$semihosting
    sys_command.o(.text) refers (Special) to indicate_semi.o(.text) for __semihosting_library_function
    defsig_rtmem_outer.o(.text) refers to defsig_rtmem_inner.o(.text) for __rt_SIGRTMEM_inner
    defsig_rtmem_outer.o(.text) refers to defsig_exit.o(.text) for __sig_exit
    defsig_rtmem_formal.o(.text) refers to rt_raise.o(.text) for __rt_raise
    rt_raise.o(.text) refers to __raise.o(.text) for __raise
    rt_raise.o(.text) refers to sys_exit.o(.text) for _sys_exit
    defsig_exit.o(.text) refers to sys_exit.o(.text) for _sys_exit
    defsig_rtmem_inner.o(.text) refers to defsig_general.o(.text) for __default_signal_display
    __raise.o(.text) refers to defsig.o(CL$$defsig) for __default_signal_handler
    defsig_general.o(.text) refers to sys_wrch.o(.text) for _ttywrch
    sys_wrch.o(.text) refers (Special) to use_no_semi.o(.text) for __I$use$semihosting
    sys_wrch.o(.text) refers (Special) to indicate_semi.o(.text) for __semihosting_library_function
    defsig.o(CL$$defsig) refers to defsig_rtmem_inner.o(.text) for __rt_SIGRTMEM_inner
    defsig_abrt_inner.o(.text) refers to defsig_general.o(.text) for __default_signal_display
    defsig_fpe_inner.o(.text) refers to defsig_general.o(.text) for __default_signal_display
    defsig_rtred_inner.o(.text) refers to defsig_general.o(.text) for __default_signal_display
    defsig_stak_inner.o(.text) refers to defsig_general.o(.text) for __default_signal_display
    defsig_pvfn_inner.o(.text) refers to defsig_general.o(.text) for __default_signal_display
    defsig_cppl_inner.o(.text) refers to defsig_general.o(.text) for __default_signal_display
    defsig_segv_inner.o(.text) refers to defsig_general.o(.text) for __default_signal_display
    defsig_other.o(.text) refers to defsig_general.o(.text) for __default_signal_display


==============================================================================

Removing Unused input sections from the image.

    Removing texas.o(i.SetMode), (24 bytes).
    Removing texas.o(i.StartTimer4), (36 bytes).
    Removing texas.o(i.StopTimer4), (24 bytes).
    Removing texas.o(i.TExaS_Stop), (28 bytes).
    Removing texas.o(i.UART0_InChar), (24 bytes).
    Removing texas.o(i.UART0_InCharNonBlocking), (28 bytes).
    Removing texas.o(i.UART0_OutChar), (24 bytes).
    Removing texas.o(i.UART0_OutCharNonBlock), (12 bytes).
    Removing texas.o(i.copy), (18 bytes).
    Removing virtualnokia5110.o(i.Nokia5110_DrawFullImage), (30 bytes).
    Removing virtualnokia5110.o(i.RxFifo_Get), (60 bytes).
    Removing virtualnokia5110.o(i.UART_InChar), (20 bytes).
    Removing virtualnokia5110.o(.constdata), (480 bytes).

13 unused section(s) (total 808 bytes) removed from the image.

==============================================================================

Image Symbol Table

    Local Symbols

    Symbol Name                              Value     Ov Type        Size  Object(Section)

    RESET                                    0x00000000   Section      644  startup.o(RESET)
    ../clib/angel/boardlib.s                 0x00000000   Number         0  boardshut.o ABSOLUTE
    ../clib/angel/boardlib.s                 0x00000000   Number         0  boardinit2.o ABSOLUTE
    ../clib/angel/boardlib.s                 0x00000000   Number         0  boardinit3.o ABSOLUTE
    ../clib/angel/boardlib.s                 0x00000000   Number         0  boardinit1.o ABSOLUTE
    ../clib/angel/handlers.s                 0x00000000   Number         0  __scatter_zi.o ABSOLUTE
    ../clib/angel/handlers.s                 0x00000000   Number         0  __scatter_copy.o ABSOLUTE
    ../clib/angel/kernel.s                   0x00000000   Number         0  rtentry.o ABSOLUTE
    ../clib/angel/kernel.s                   0x00000000   Number         0  rtentry4.o ABSOLUTE
    ../clib/angel/kernel.s                   0x00000000   Number         0  rtentry2.o ABSOLUTE
    ../clib/angel/kernel.s                   0x00000000   Number         0  rtexit.o ABSOLUTE
    ../clib/angel/kernel.s                   0x00000000   Number         0  rtexit2.o ABSOLUTE
    ../clib/angel/rt.s                       0x00000000   Number         0  rt_raise.o ABSOLUTE
    ../clib/angel/scatter.s                  0x00000000   Number         0  __scatter.o ABSOLUTE
    ../clib/angel/startup.s                  0x00000000   Number         0  __main.o ABSOLUTE
    ../clib/angel/sys.s                      0x00000000   Number         0  sys_stackheap_outer.o ABSOLUTE
    ../clib/angel/sys.s                      0x00000000   Number         0  indicate_semi.o ABSOLUTE
    ../clib/angel/sys.s                      0x00000000   Number         0  use_no_semi.o ABSOLUTE
    ../clib/angel/sys.s                      0x00000000   Number         0  libspace.o ABSOLUTE
    ../clib/angel/sysapp.c                   0x00000000   Number         0  sys_exit.o ABSOLUTE
    ../clib/angel/sysapp.c                   0x00000000   Number         0  sys_command.o ABSOLUTE
    ../clib/angel/sysapp.c                   0x00000000   Number         0  sys_wrch.o ABSOLUTE
    ../clib/armsys.c                         0x00000000   Number         0  argv_veneer.o ABSOLUTE
    ../clib/armsys.c                         0x00000000   Number         0  argv_veneer.o ABSOLUTE
    ../clib/armsys.c                         0x00000000   Number         0  no_argv.o ABSOLUTE
    ../clib/armsys.c                         0x00000000   Number         0  _get_argv_nomalloc.o ABSOLUTE
    ../clib/heapalloc.c                      0x00000000   Number         0  hrguard.o ABSOLUTE
    ../clib/heapaux.c                        0x00000000   Number         0  heapauxi.o ABSOLUTE
    ../clib/libinit.s                        0x00000000   Number         0  libshutdown2.o ABSOLUTE
    ../clib/libinit.s                        0x00000000   Number         0  libshutdown.o ABSOLUTE
    ../clib/libinit.s                        0x00000000   Number         0  libinit.o ABSOLUTE
    ../clib/libinit.s                        0x00000000   Number         0  libinit2.o ABSOLUTE
    ../clib/signal.c                         0x00000000   Number         0  defsig_other.o ABSOLUTE
    ../clib/signal.c                         0x00000000   Number         0  defsig_segv_inner.o ABSOLUTE
    ../clib/signal.c                         0x00000000   Number         0  defsig_cppl_inner.o ABSOLUTE
    ../clib/signal.c                         0x00000000   Number         0  defsig_pvfn_inner.o ABSOLUTE
    ../clib/signal.c                         0x00000000   Number         0  defsig_stak_inner.o ABSOLUTE
    ../clib/signal.c                         0x00000000   Number         0  defsig_rtred_inner.o ABSOLUTE
    ../clib/signal.c                         0x00000000   Number         0  defsig_fpe_inner.o ABSOLUTE
    ../clib/signal.c                         0x00000000   Number         0  defsig_abrt_inner.o ABSOLUTE
    ../clib/signal.c                         0x00000000   Number         0  defsig_general.o ABSOLUTE
    ../clib/signal.c                         0x00000000   Number         0  __raise.o ABSOLUTE
    ../clib/signal.c                         0x00000000   Number         0  defsig_rtmem_inner.o ABSOLUTE
    ../clib/signal.c                         0x00000000   Number         0  defsig_exit.o ABSOLUTE
    ../clib/signal.c                         0x00000000   Number         0  defsig_rtmem_formal.o ABSOLUTE
    ../clib/signal.c                         0x00000000   Number         0  defsig_rtmem_outer.o ABSOLUTE
    ../clib/signal.s                         0x00000000   Number         0  defsig.o ABSOLUTE
    ../clib/stdlib.c                         0x00000000   Number         0  exit.o ABSOLUTE
    ../fplib/fpinit.s                        0x00000000   Number         0  fpinit.o ABSOLUTE
    ADC.c                                    0x00000000   Number         0  adc.o ABSOLUTE
    DAC.c                                    0x00000000   Number         0  dac.o ABSOLUTE
    Sound.c                                  0x00000000   Number         0  sound.o ABSOLUTE
    SpaceInvaders.c                          0x00000000   Number         0  spaceinvaders.o ABSOLUTE
    TExaS.c                                  0x00000000   Number         0  texas.o ABSOLUTE
    VirtualNokia5110.c                       0x00000000   Number         0  virtualnokia5110.o ABSOLUTE
    dc.s                                     0x00000000   Number         0  dc.o ABSOLUTE
    random.s                                 0x00000000   Number         0  random.o ABSOLUTE
    startup.s                                0x00000000   Number         0  startup.o ABSOLUTE
    !!!main                                  0x00000284   Section        8  __main.o(!!!main)
    !!!scatter                               0x0000028c   Section       52  __scatter.o(!!!scatter)
    !!handler_copy                           0x000002c0   Section       26  __scatter_copy.o(!!handler_copy)
    !!handler_zi                             0x000002dc   Section       28  __scatter_zi.o(!!handler_zi)
    .ARM.Collect$$libinit$$00000000          0x000002f8   Section        2  libinit.o(.ARM.Collect$$libinit$$00000000)
    .ARM.Collect$$libinit$$00000002          0x000002fa   Section        0  libinit2.o(.ARM.Collect$$libinit$$00000002)
    .ARM.Collect$$libinit$$00000008          0x000002fa   Section        0  libinit2.o(.ARM.Collect$$libinit$$00000008)
    .ARM.Collect$$libinit$$0000000A          0x000002fa   Section        0  libinit2.o(.ARM.Collect$$libinit$$0000000A)
    .ARM.Collect$$libinit$$0000000C          0x000002fa   Section        0  libinit2.o(.ARM.Collect$$libinit$$0000000C)
    .ARM.Collect$$libinit$$0000000F          0x000002fa   Section        0  libinit2.o(.ARM.Collect$$libinit$$0000000F)
    .ARM.Collect$$libinit$$00000011          0x000002fa   Section        0  libinit2.o(.ARM.Collect$$libinit$$00000011)
    .ARM.Collect$$libinit$$00000013          0x000002fa   Section        0  libinit2.o(.ARM.Collect$$libinit$$00000013)
    .ARM.Collect$$libinit$$00000015          0x000002fa   Section        0  libinit2.o(.ARM.Collect$$libinit$$00000015)
    .ARM.Collect$$libinit$$00000017          0x000002fa   Section        0  libinit2.o(.ARM.Collect$$libinit$$00000017)
    .ARM.Collect$$libinit$$00000019          0x000002fa   Section        0  libinit2.o(.ARM.Collect$$libinit$$00000019)
    .ARM.Collect$$libinit$$0000001B          0x000002fa   Section        0  libinit2.o(.ARM.Collect$$libinit$$0000001B)
    .ARM.Collect$$libinit$$0000001D          0x000002fa   Section        0  libinit2.o(.ARM.Collect$$libinit$$0000001D)
    .ARM.Collect$$libinit$$0000001F          0x000002fa   Section        0  libinit2.o(.ARM.Collect$$libinit$$0000001F)
    .ARM.Collect$$libinit$$00000021          0x000002fa   Section        0  libinit2.o(.ARM.Collect$$libinit$$00000021)
    .ARM.Collect$$libinit$$00000023          0x000002fa   Section        0  libinit2.o(.ARM.Collect$$libinit$$00000023)
    .ARM.Collect$$libinit$$0000002A          0x000002fa   Section        0  libinit2.o(.ARM.Collect$$libinit$$0000002A)
    .ARM.Collect$$libinit$$0000002C          0x000002fa   Section        0  libinit2.o(.ARM.Collect$$libinit$$0000002C)
    .ARM.Collect$$libinit$$0000002E          0x000002fa   Section        0  libinit2.o(.ARM.Collect$$libinit$$0000002E)
    .ARM.Collect$$libinit$$00000030          0x000002fa   Section        0  libinit2.o(.ARM.Collect$$libinit$$00000030)
    .ARM.Collect$$libinit$$00000031          0x000002fa   Section        2  libinit2.o(.ARM.Collect$$libinit$$00000031)
    .ARM.Collect$$libshutdown$$00000000      0x000002fc   Section        2  libshutdown.o(.ARM.Collect$$libshutdown$$00000000)
    .ARM.Collect$$libshutdown$$00000003      0x000002fe   Section        0  libshutdown2.o(.ARM.Collect$$libshutdown$$00000003)
    .ARM.Collect$$libshutdown$$00000006      0x000002fe   Section        0  libshutdown2.o(.ARM.Collect$$libshutdown$$00000006)
    .ARM.Collect$$libshutdown$$00000009      0x000002fe   Section        0  libshutdown2.o(.ARM.Collect$$libshutdown$$00000009)
    .ARM.Collect$$libshutdown$$0000000B      0x000002fe   Section        0  libshutdown2.o(.ARM.Collect$$libshutdown$$0000000B)
    .ARM.Collect$$libshutdown$$0000000E      0x000002fe   Section        0  libshutdown2.o(.ARM.Collect$$libshutdown$$0000000E)
    .ARM.Collect$$libshutdown$$0000000F      0x000002fe   Section        2  libshutdown2.o(.ARM.Collect$$libshutdown$$0000000F)
    .ARM.Collect$$rtentry$$00000000          0x00000300   Section        0  rtentry.o(.ARM.Collect$$rtentry$$00000000)
    .ARM.Collect$$rtentry$$00000002          0x00000300   Section        0  rtentry2.o(.ARM.Collect$$rtentry$$00000002)
    .ARM.Collect$$rtentry$$00000004          0x00000300   Section        6  rtentry4.o(.ARM.Collect$$rtentry$$00000004)
    .ARM.Collect$$rtentry$$00000009          0x00000306   Section        0  rtentry2.o(.ARM.Collect$$rtentry$$00000009)
    .ARM.Collect$$rtentry$$0000000A          0x00000306   Section        4  rtentry2.o(.ARM.Collect$$rtentry$$0000000A)
    .ARM.Collect$$rtentry$$0000000C          0x0000030a   Section        0  rtentry2.o(.ARM.Collect$$rtentry$$0000000C)
    .ARM.Collect$$rtentry$$0000000D          0x0000030a   Section        8  rtentry2.o(.ARM.Collect$$rtentry$$0000000D)
    .ARM.Collect$$rtexit$$00000000           0x00000312   Section        2  rtexit.o(.ARM.Collect$$rtexit$$00000000)
    .ARM.Collect$$rtexit$$00000002           0x00000314   Section        0  rtexit2.o(.ARM.Collect$$rtexit$$00000002)
    .ARM.Collect$$rtexit$$00000003           0x00000314   Section        4  rtexit2.o(.ARM.Collect$$rtexit$$00000003)
    .ARM.Collect$$rtexit$$00000004           0x00000318   Section        6  rtexit2.o(.ARM.Collect$$rtexit$$00000004)
    .text                                    0x00000320   Section       48  startup.o(.text)
    .text                                    0x00000350   Section       40  random.o(.text)
    .text                                    0x00000378   Section        0  heapauxi.o(.text)
    .text                                    0x0000037e   Section       74  sys_stackheap_outer.o(.text)
    .text                                    0x000003c8   Section        0  exit.o(.text)
    .text                                    0x000003d4   Section        8  libspace.o(.text)
    .text                                    0x000003dc   Section        0  sys_exit.o(.text)
    .text                                    0x000003e8   Section        2  use_no_semi.o(.text)
    .text                                    0x000003ea   Section        0  indicate_semi.o(.text)
    i.ADC0_In                                0x000003ec   Section        0  adc.o(i.ADC0_In)
    i.ADC0_Init                              0x00000418   Section        0  adc.o(i.ADC0_Init)
    i.ADC1_In                                0x0000050c   Section        0  texas.o(i.ADC1_In)
    i.ADC1_Init                              0x00000518   Section        0  texas.o(i.ADC1_Init)
    i.Convert                                0x000005ec   Section        0  spaceinvaders.o(i.Convert)
    i.DAC_Init                               0x00000600   Section        0  dac.o(i.DAC_Init)
    i.DAC_Out                                0x00000680   Section        0  dac.o(i.DAC_Out)
    i.Delay100ms                             0x00000690   Section        0  spaceinvaders.o(i.Delay100ms)
    i.Draw                                   0x000006b4   Section        0  spaceinvaders.o(i.Draw)
    i.Draw1                                  0x0000081c   Section        0  spaceinvaders.o(i.Draw1)
    i.Init                                   0x00000984   Section        0  spaceinvaders.o(i.Init)
    i.Moveleft                               0x00000b18   Section        0  spaceinvaders.o(i.Moveleft)
    i.Moveright                              0x00000b5c   Section        0  spaceinvaders.o(i.Moveright)
    i.Nokia5110_Clear                        0x00000ba0   Section        0  virtualnokia5110.o(i.Nokia5110_Clear)
    i.Nokia5110_ClearBuffer                  0x00000bb2   Section        0  virtualnokia5110.o(i.Nokia5110_ClearBuffer)
    i.Nokia5110_DisplayBuffer                0x00000bbc   Section        0  virtualnokia5110.o(i.Nokia5110_DisplayBuffer)
    i.Nokia5110_Init                         0x00000bc8   Section        0  virtualnokia5110.o(i.Nokia5110_Init)
    i.Nokia5110_OutChar                      0x00000be8   Section        0  virtualnokia5110.o(i.Nokia5110_OutChar)
    i.Nokia5110_OutString                    0x00000bfc   Section        0  virtualnokia5110.o(i.Nokia5110_OutString)
    i.Nokia5110_OutUDec                      0x00000c14   Section        0  virtualnokia5110.o(i.Nokia5110_OutUDec)
    i.Nokia5110_PrintBMP                     0x00000db0   Section        0  virtualnokia5110.o(i.Nokia5110_PrintBMP)
    i.Nokia5110_SetCursor                    0x00000f14   Section        0  virtualnokia5110.o(i.Nokia5110_SetCursor)
    i.PLL_Init                               0x00000f38   Section        0  texas.o(i.PLL_Init)
    i.RxFifo_Init                            0x00000fb4   Section        0  virtualnokia5110.o(i.RxFifo_Init)
    i.RxFifo_Put                             0x00000fd8   Section        0  virtualnokia5110.o(i.RxFifo_Put)
    i.RxFifo_Size                            0x00001014   Section        0  virtualnokia5110.o(i.RxFifo_Size)
    i.SetCode                                0x0000102c   Section        0  texas.o(i.SetCode)
    i.SetCourse                              0x00001044   Section        0  texas.o(i.SetCourse)
    i.Sound1_Init                            0x0000105c   Section        0  spaceinvaders.o(i.Sound1_Init)
    i.Sound_Killed                           0x0000109c   Section        0  sound.o(i.Sound_Killed)
    i.Sound_Play                             0x000010b0   Section        0  sound.o(i.Sound_Play)
    i.Sound_Shoot                            0x000010d8   Section        0  sound.o(i.Sound_Shoot)
    i.SysTick_Handler                        0x000010ec   Section        0  spaceinvaders.o(i.SysTick_Handler)
    i.TExaS_Init                             0x00001154   Section        0  texas.o(i.TExaS_Init)
    i.Timer2A_Handler                        0x00001318   Section        0  sound.o(i.Timer2A_Handler)
    i.Timer2A_Start                          0x00001360   Section        0  sound.o(i.Timer2A_Start)
    i.Timer2A_Stop                           0x00001374   Section        0  sound.o(i.Timer2A_Stop)
    i.Timer2_Init                            0x00001388   Section        0  sound.o(i.Timer2_Init)
    i.Timer4A_Handler                        0x000013f0   Section        0  texas.o(i.Timer4A_Handler)
    i.Timer5A_Handler                        0x00001410   Section        0  texas.o(i.Timer5A_Handler)
    i.TxFifo_Get                             0x00001440   Section        0  virtualnokia5110.o(i.TxFifo_Get)
    i.TxFifo_Init                            0x0000147c   Section        0  virtualnokia5110.o(i.TxFifo_Init)
    i.TxFifo_Put                             0x000014a0   Section        0  virtualnokia5110.o(i.TxFifo_Put)
    i.TxFifo_Size                            0x000014dc   Section        0  virtualnokia5110.o(i.TxFifo_Size)
    i.UART0_Handler                          0x000014f4   Section        0  virtualnokia5110.o(i.UART0_Handler)
    i.UART0_Init                             0x0000154c   Section        0  texas.o(i.UART0_Init)
    i.UART_Init                              0x0000160c   Section        0  virtualnokia5110.o(i.UART_Init)
    i.UART_OutChar                           0x000016d4   Section        0  virtualnokia5110.o(i.UART_OutChar)
    i.copyHardwareToSoftware                 0x00001708   Section        0  virtualnokia5110.o(i.copyHardwareToSoftware)
    copyHardwareToSoftware                   0x00001709   Thumb Code    36  virtualnokia5110.o(i.copyHardwareToSoftware)
    i.copySoftwareToHardware                 0x00001730   Section        0  virtualnokia5110.o(i.copySoftwareToHardware)
    copySoftwareToHardware                   0x00001731   Thumb Code    38  virtualnokia5110.o(i.copySoftwareToHardware)
    i.main                                   0x0000175c   Section        0  spaceinvaders.o(i.main)
    .constdata                               0x00002018   Section     4411  spaceinvaders.o(.constdata)
    ASCII                                    0x00002018   Data         480  spaceinvaders.o(.constdata)
    .constdata                               0x00003153   Section      360  texas.o(.constdata)
    .constdata                               0x000032bb   Section     7457  sound.o(.constdata)
    .data                                    0x20000000   Section       48  spaceinvaders.o(.data)
    .data                                    0x20000030   Section       52  texas.o(.data)
    .data                                    0x20000064   Section       16  virtualnokia5110.o(.data)
    .data                                    0x20000074   Section       12  sound.o(.data)
    DATA                                     0x20000080   Section        4  random.o(DATA)
    M                                        0x20000080   Data           4  random.o(DATA)
    .bss                                     0x20000084   Section      504  spaceinvaders.o(.bss)
    .bss                                     0x20000280   Section       56  texas.o(.bss)
    .bss                                     0x200002b8   Section     1552  virtualnokia5110.o(.bss)
    RxFifo                                   0x200002b8   Data          16  virtualnokia5110.o(.bss)
    TxFifo                                   0x200002c8   Data         512  virtualnokia5110.o(.bss)
    .bss                                     0x200008c8   Section       96  libspace.o(.bss)
    HEAP                                     0x20000928   Section        0  startup.o(HEAP)
    STACK                                    0x20000928   Section     1024  startup.o(STACK)
    HeapMem                                  0x20000928   Data           0  startup.o(HEAP)
    StackMem                                 0x20000928   Data           0  startup.o(STACK)

    Global Symbols

    Symbol Name                              Value     Ov Type        Size  Object(Section)

    BuildAttributes$$THM_ISAv4$E$P$D$K$B$S$7EM$PE$A:L22UL41UL21$X:L11$S22US41US21$IEEE1$IW$USESV6$~STKCKD$USESV7$~SHL$OSPACE$ROPI$EBA8$UX$STANDARDLIB$REQ8$PRES8$EABIv2 0x00000000   Number         0  anon$$obj.o ABSOLUTE
    __ARM_use_no_argv                        0x00000000   Number         0  spaceinvaders.o ABSOLUTE
    __Vectors                                0x00000000   Data           0  startup.o(RESET)
    __ARM_exceptions_init                     - Undefined Weak Reference
    __alloca_initialize                       - Undefined Weak Reference
    __cpp_initialize__aeabi_                  - Undefined Weak Reference
    __cxa_finalize                            - Undefined Weak Reference
    __rt_locale                               - Undefined Weak Reference
    __sigvec_lookup                           - Undefined Weak Reference
    _atexit_init                              - Undefined Weak Reference
    _call_atexit_fns                          - Undefined Weak Reference
    _clock_init                               - Undefined Weak Reference
    _fp_trap_init                             - Undefined Weak Reference
    _fp_trap_shutdown                         - Undefined Weak Reference
    _get_lc_collate                           - Undefined Weak Reference
    _get_lc_ctype                             - Undefined Weak Reference
    _get_lc_monetary                          - Undefined Weak Reference
    _get_lc_numeric                           - Undefined Weak Reference
    _get_lc_time                              - Undefined Weak Reference
    _getenv_init                              - Undefined Weak Reference
    _handle_redirection                       - Undefined Weak Reference
    _init_alloc                               - Undefined Weak Reference
    _init_user_alloc                          - Undefined Weak Reference
    _initio                                   - Undefined Weak Reference
    _rand_init                                - Undefined Weak Reference
    _signal_finish                            - Undefined Weak Reference
    _signal_init                              - Undefined Weak Reference
    _terminate_alloc                          - Undefined Weak Reference
    _terminate_user_alloc                     - Undefined Weak Reference
    _terminateio                              - Undefined Weak Reference
    Reset_Handler                            0x0000026d   Thumb Code     0  startup.o(RESET)
    NMI_Handler                              0x00000271   Thumb Code     2  startup.o(RESET)
    HardFault_Handler                        0x00000273   Thumb Code     2  startup.o(RESET)
    MemManage_Handler                        0x00000275   Thumb Code     2  startup.o(RESET)
    BusFault_Handler                         0x00000277   Thumb Code     2  startup.o(RESET)
    UsageFault_Handler                       0x00000279   Thumb Code     2  startup.o(RESET)
    SVC_Handler                              0x0000027b   Thumb Code     2  startup.o(RESET)
    DebugMon_Handler                         0x0000027d   Thumb Code     2  startup.o(RESET)
    PendSV_Handler                           0x0000027f   Thumb Code     2  startup.o(RESET)
    ADC0Seq0_Handler                         0x00000283   Thumb Code     0  startup.o(RESET)
    ADC0Seq1_Handler                         0x00000283   Thumb Code     0  startup.o(RESET)
    ADC0Seq2_Handler                         0x00000283   Thumb Code     0  startup.o(RESET)
    ADC0Seq3_Handler                         0x00000283   Thumb Code     0  startup.o(RESET)
    ADC1Seq0_Handler                         0x00000283   Thumb Code     0  startup.o(RESET)
    ADC1Seq1_Handler                         0x00000283   Thumb Code     0  startup.o(RESET)
    ADC1Seq2_Handler                         0x00000283   Thumb Code     0  startup.o(RESET)
    ADC1Seq3_Handler                         0x00000283   Thumb Code     0  startup.o(RESET)
    CAN0_Handler                             0x00000283   Thumb Code     0  startup.o(RESET)
    CAN1_Handler                             0x00000283   Thumb Code     0  startup.o(RESET)
    CAN2_Handler                             0x00000283   Thumb Code     0  startup.o(RESET)
    Comp0_Handler                            0x00000283   Thumb Code     0  startup.o(RESET)
    Comp1_Handler                            0x00000283   Thumb Code     0  startup.o(RESET)
    Comp2_Handler                            0x00000283   Thumb Code     0  startup.o(RESET)
    Ethernet_Handler                         0x00000283   Thumb Code     0  startup.o(RESET)
    ExtBus_Handler                           0x00000283   Thumb Code     0  startup.o(RESET)
    FPU_Handler                              0x00000283   Thumb Code     0  startup.o(RESET)
    Fan0_Handler                             0x00000283   Thumb Code     0  startup.o(RESET)
    FlashCtl_Handler                         0x00000283   Thumb Code     0  startup.o(RESET)
    GPIOPortA_Handler                        0x00000283   Thumb Code     0  startup.o(RESET)
    GPIOPortB_Handler                        0x00000283   Thumb Code     0  startup.o(RESET)
    GPIOPortC_Handler                        0x00000283   Thumb Code     0  startup.o(RESET)
    GPIOPortD_Handler                        0x00000283   Thumb Code     0  startup.o(RESET)
    GPIOPortE_Handler                        0x00000283   Thumb Code     0  startup.o(RESET)
    GPIOPortF_Handler                        0x00000283   Thumb Code     0  startup.o(RESET)
    GPIOPortG_Handler                        0x00000283   Thumb Code     0  startup.o(RESET)
    GPIOPortH_Handler                        0x00000283   Thumb Code     0  startup.o(RESET)
    GPIOPortJ_Handler                        0x00000283   Thumb Code     0  startup.o(RESET)
    GPIOPortK_Handler                        0x00000283   Thumb Code     0  startup.o(RESET)
    GPIOPortL_Handler                        0x00000283   Thumb Code     0  startup.o(RESET)
    GPIOPortM_Handler                        0x00000283   Thumb Code     0  startup.o(RESET)
    GPIOPortN_Handler                        0x00000283   Thumb Code     0  startup.o(RESET)
    GPIOPortP1_Handler                       0x00000283   Thumb Code     0  startup.o(RESET)
    GPIOPortP2_Handler                       0x00000283   Thumb Code     0  startup.o(RESET)
    GPIOPortP3_Handler                       0x00000283   Thumb Code     0  startup.o(RESET)
    GPIOPortP4_Handler                       0x00000283   Thumb Code     0  startup.o(RESET)
    GPIOPortP5_Handler                       0x00000283   Thumb Code     0  startup.o(RESET)
    GPIOPortP6_Handler                       0x00000283   Thumb Code     0  startup.o(RESET)
    GPIOPortP7_Handler                       0x00000283   Thumb Code     0  startup.o(RESET)
    GPIOPortP_Handler                        0x00000283   Thumb Code     0  startup.o(RESET)
    GPIOPortQ1_Handler                       0x00000283   Thumb Code     0  startup.o(RESET)
    GPIOPortQ2_Handler                       0x00000283   Thumb Code     0  startup.o(RESET)
    GPIOPortQ3_Handler                       0x00000283   Thumb Code     0  startup.o(RESET)
    GPIOPortQ4_Handler                       0x00000283   Thumb Code     0  startup.o(RESET)
    GPIOPortQ5_Handler                       0x00000283   Thumb Code     0  startup.o(RESET)
    GPIOPortQ6_Handler                       0x00000283   Thumb Code     0  startup.o(RESET)
    GPIOPortQ7_Handler                       0x00000283   Thumb Code     0  startup.o(RESET)
    GPIOPortQ_Handler                        0x00000283   Thumb Code     0  startup.o(RESET)
    GPIOPortR_Handler                        0x00000283   Thumb Code     0  startup.o(RESET)
    GPIOPortS_Handler                        0x00000283   Thumb Code     0  startup.o(RESET)
    Hibernate_Handler                        0x00000283   Thumb Code     0  startup.o(RESET)
    I2C0_Handler                             0x00000283   Thumb Code     0  startup.o(RESET)
    I2C1_Handler                             0x00000283   Thumb Code     0  startup.o(RESET)
    I2C2_Handler                             0x00000283   Thumb Code     0  startup.o(RESET)
    I2C3_Handler                             0x00000283   Thumb Code     0  startup.o(RESET)
    I2C4_Handler                             0x00000283   Thumb Code     0  startup.o(RESET)
    I2C5_Handler                             0x00000283   Thumb Code     0  startup.o(RESET)
    I2S0_Handler                             0x00000283   Thumb Code     0  startup.o(RESET)
    LPC0_Handler                             0x00000283   Thumb Code     0  startup.o(RESET)
    PECI0_Handler                            0x00000283   Thumb Code     0  startup.o(RESET)
    PWM0Fault_Handler                        0x00000283   Thumb Code     0  startup.o(RESET)
    PWM0Generator0_Handler                   0x00000283   Thumb Code     0  startup.o(RESET)
    PWM0Generator1_Handler                   0x00000283   Thumb Code     0  startup.o(RESET)
    PWM0Generator2_Handler                   0x00000283   Thumb Code     0  startup.o(RESET)
    PWM0Generator3_Handler                   0x00000283   Thumb Code     0  startup.o(RESET)
    PWM1Fault_Handler                        0x00000283   Thumb Code     0  startup.o(RESET)
    PWM1Generator0_Handler                   0x00000283   Thumb Code     0  startup.o(RESET)
    PWM1Generator1_Handler                   0x00000283   Thumb Code     0  startup.o(RESET)
    PWM1Generator2_Handler                   0x00000283   Thumb Code     0  startup.o(RESET)
    PWM1Generator3_Handler                   0x00000283   Thumb Code     0  startup.o(RESET)
    Quadrature0_Handler                      0x00000283   Thumb Code     0  startup.o(RESET)
    Quadrature1_Handler                      0x00000283   Thumb Code     0  startup.o(RESET)
    Quadrature2_Handler                      0x00000283   Thumb Code     0  startup.o(RESET)
    SSI0_Handler                             0x00000283   Thumb Code     0  startup.o(RESET)
    SSI1_Handler                             0x00000283   Thumb Code     0  startup.o(RESET)
    SSI2_Handler                             0x00000283   Thumb Code     0  startup.o(RESET)
    SSI3_Handler                             0x00000283   Thumb Code     0  startup.o(RESET)
    SysCtl_Handler                           0x00000283   Thumb Code     0  startup.o(RESET)
    Timer0A_Handler                          0x00000283   Thumb Code     0  startup.o(RESET)
    Timer0B_Handler                          0x00000283   Thumb Code     0  startup.o(RESET)
    Timer1A_Handler                          0x00000283   Thumb Code     0  startup.o(RESET)
    Timer1B_Handler                          0x00000283   Thumb Code     0  startup.o(RESET)
    Timer2B_Handler                          0x00000283   Thumb Code     0  startup.o(RESET)
    Timer3A_Handler                          0x00000283   Thumb Code     0  startup.o(RESET)
    Timer3B_Handler                          0x00000283   Thumb Code     0  startup.o(RESET)
    Timer4B_Handler                          0x00000283   Thumb Code     0  startup.o(RESET)
    Timer5B_Handler                          0x00000283   Thumb Code     0  startup.o(RESET)
    UART1_Handler                            0x00000283   Thumb Code     0  startup.o(RESET)
    UART2_Handler                            0x00000283   Thumb Code     0  startup.o(RESET)
    UART3_Handler                            0x00000283   Thumb Code     0  startup.o(RESET)
    UART4_Handler                            0x00000283   Thumb Code     0  startup.o(RESET)
    UART5_Handler                            0x00000283   Thumb Code     0  startup.o(RESET)
    UART6_Handler                            0x00000283   Thumb Code     0  startup.o(RESET)
    UART7_Handler                            0x00000283   Thumb Code     0  startup.o(RESET)
    USB0_Handler                             0x00000283   Thumb Code     0  startup.o(RESET)
    WDT_Handler                              0x00000283   Thumb Code     0  startup.o(RESET)
    WideTimer0A_Handler                      0x00000283   Thumb Code     0  startup.o(RESET)
    WideTimer0B_Handler                      0x00000283   Thumb Code     0  startup.o(RESET)
    WideTimer1A_Handler                      0x00000283   Thumb Code     0  startup.o(RESET)
    WideTimer1B_Handler                      0x00000283   Thumb Code     0  startup.o(RESET)
    WideTimer2A_Handler                      0x00000283   Thumb Code     0  startup.o(RESET)
    WideTimer2B_Handler                      0x00000283   Thumb Code     0  startup.o(RESET)
    WideTimer3A_Handler                      0x00000283   Thumb Code     0  startup.o(RESET)
    WideTimer3B_Handler                      0x00000283   Thumb Code     0  startup.o(RESET)
    WideTimer4A_Handler                      0x00000283   Thumb Code     0  startup.o(RESET)
    WideTimer4B_Handler                      0x00000283   Thumb Code     0  startup.o(RESET)
    WideTimer5A_Handler                      0x00000283   Thumb Code     0  startup.o(RESET)
    WideTimer5B_Handler                      0x00000283   Thumb Code     0  startup.o(RESET)
    uDMA_Error                               0x00000283   Thumb Code     0  startup.o(RESET)
    uDMA_Handler                             0x00000283   Thumb Code     0  startup.o(RESET)
    __main                                   0x00000285   Thumb Code     8  __main.o(!!!main)
    __scatterload                            0x0000028d   Thumb Code     0  __scatter.o(!!!scatter)
    __scatterload_rt2                        0x0000028d   Thumb Code    44  __scatter.o(!!!scatter)
    __scatterload_rt2_thumb_only             0x0000028d   Thumb Code     0  __scatter.o(!!!scatter)
    __scatterload_null                       0x0000029b   Thumb Code     0  __scatter.o(!!!scatter)
    __scatterload_copy                       0x000002c1   Thumb Code    26  __scatter_copy.o(!!handler_copy)
    __scatterload_zeroinit                   0x000002dd   Thumb Code    28  __scatter_zi.o(!!handler_zi)
    __rt_lib_init                            0x000002f9   Thumb Code     0  libinit.o(.ARM.Collect$$libinit$$00000000)
    __rt_lib_init_alloca_1                   0x000002fb   Thumb Code     0  libinit2.o(.ARM.Collect$$libinit$$0000002C)
    __rt_lib_init_argv_1                     0x000002fb   Thumb Code     0  libinit2.o(.ARM.Collect$$libinit$$0000002A)
    __rt_lib_init_atexit_1                   0x000002fb   Thumb Code     0  libinit2.o(.ARM.Collect$$libinit$$00000019)
    __rt_lib_init_clock_1                    0x000002fb   Thumb Code     0  libinit2.o(.ARM.Collect$$libinit$$0000001F)
    __rt_lib_init_cpp_1                      0x000002fb   Thumb Code     0  libinit2.o(.ARM.Collect$$libinit$$00000030)
    __rt_lib_init_exceptions_1               0x000002fb   Thumb Code     0  libinit2.o(.ARM.Collect$$libinit$$0000002E)
    __rt_lib_init_fp_1                       0x000002fb   Thumb Code     0  libinit2.o(.ARM.Collect$$libinit$$00000002)
    __rt_lib_init_fp_trap_1                  0x000002fb   Thumb Code     0  libinit2.o(.ARM.Collect$$libinit$$0000001D)
    __rt_lib_init_getenv_1                   0x000002fb   Thumb Code     0  libinit2.o(.ARM.Collect$$libinit$$00000021)
    __rt_lib_init_heap_1                     0x000002fb   Thumb Code     0  libinit2.o(.ARM.Collect$$libinit$$00000008)
    __rt_lib_init_lc_collate_1               0x000002fb   Thumb Code     0  libinit2.o(.ARM.Collect$$libinit$$0000000F)
    __rt_lib_init_lc_ctype_1                 0x000002fb   Thumb Code     0  libinit2.o(.ARM.Collect$$libinit$$00000011)
    __rt_lib_init_lc_monetary_1              0x000002fb   Thumb Code     0  libinit2.o(.ARM.Collect$$libinit$$00000013)
    __rt_lib_init_lc_numeric_1               0x000002fb   Thumb Code     0  libinit2.o(.ARM.Collect$$libinit$$00000015)
    __rt_lib_init_lc_time_1                  0x000002fb   Thumb Code     0  libinit2.o(.ARM.Collect$$libinit$$00000017)
    __rt_lib_init_rand_1                     0x000002fb   Thumb Code     0  libinit2.o(.ARM.Collect$$libinit$$0000000C)
    __rt_lib_init_return                     0x000002fb   Thumb Code     0  libinit2.o(.ARM.Collect$$libinit$$00000031)
    __rt_lib_init_signal_1                   0x000002fb   Thumb Code     0  libinit2.o(.ARM.Collect$$libinit$$0000001B)
    __rt_lib_init_stdio_1                    0x000002fb   Thumb Code     0  libinit2.o(.ARM.Collect$$libinit$$00000023)
    __rt_lib_init_user_alloc_1               0x000002fb   Thumb Code     0  libinit2.o(.ARM.Collect$$libinit$$0000000A)
    __rt_lib_shutdown                        0x000002fd   Thumb Code     0  libshutdown.o(.ARM.Collect$$libshutdown$$00000000)
    __rt_lib_shutdown_fp_trap_1              0x000002ff   Thumb Code     0  libshutdown2.o(.ARM.Collect$$libshutdown$$00000006)
    __rt_lib_shutdown_heap_1                 0x000002ff   Thumb Code     0  libshutdown2.o(.ARM.Collect$$libshutdown$$0000000E)
    __rt_lib_shutdown_return                 0x000002ff   Thumb Code     0  libshutdown2.o(.ARM.Collect$$libshutdown$$0000000F)
    __rt_lib_shutdown_signal_1               0x000002ff   Thumb Code     0  libshutdown2.o(.ARM.Collect$$libshutdown$$00000009)
    __rt_lib_shutdown_stdio_1                0x000002ff   Thumb Code     0  libshutdown2.o(.ARM.Collect$$libshutdown$$00000003)
    __rt_lib_shutdown_user_alloc_1           0x000002ff   Thumb Code     0  libshutdown2.o(.ARM.Collect$$libshutdown$$0000000B)
    __rt_entry                               0x00000301   Thumb Code     0  rtentry.o(.ARM.Collect$$rtentry$$00000000)
    __rt_entry_presh_1                       0x00000301   Thumb Code     0  rtentry2.o(.ARM.Collect$$rtentry$$00000002)
    __rt_entry_sh                            0x00000301   Thumb Code     0  rtentry4.o(.ARM.Collect$$rtentry$$00000004)
    __rt_entry_li                            0x00000307   Thumb Code     0  rtentry2.o(.ARM.Collect$$rtentry$$0000000A)
    __rt_entry_postsh_1                      0x00000307   Thumb Code     0  rtentry2.o(.ARM.Collect$$rtentry$$00000009)
    __rt_entry_main                          0x0000030b   Thumb Code     0  rtentry2.o(.ARM.Collect$$rtentry$$0000000D)
    __rt_entry_postli_1                      0x0000030b   Thumb Code     0  rtentry2.o(.ARM.Collect$$rtentry$$0000000C)
    __rt_exit                                0x00000313   Thumb Code     0  rtexit.o(.ARM.Collect$$rtexit$$00000000)
    __rt_exit_ls                             0x00000315   Thumb Code     0  rtexit2.o(.ARM.Collect$$rtexit$$00000003)
    __rt_exit_prels_1                        0x00000315   Thumb Code     0  rtexit2.o(.ARM.Collect$$rtexit$$00000002)
    __rt_exit_exit                           0x00000319   Thumb Code     0  rtexit2.o(.ARM.Collect$$rtexit$$00000004)
    DisableInterrupts                        0x00000321   Thumb Code     0  startup.o(.text)
    EnableInterrupts                         0x00000325   Thumb Code     0  startup.o(.text)
    StartCritical                            0x00000329   Thumb Code     0  startup.o(.text)
    EndCritical                              0x00000331   Thumb Code     0  startup.o(.text)
    WaitForInterrupt                         0x00000337   Thumb Code     0  startup.o(.text)
    __user_initial_stackheap                 0x0000033b   Thumb Code     0  startup.o(.text)
    Random_Init                              0x00000351   Thumb Code     0  random.o(.text)
    Random                                   0x0000035b   Thumb Code     2  random.o(.text)
    __use_two_region_memory                  0x00000379   Thumb Code     2  heapauxi.o(.text)
    __rt_heap_escrow$2region                 0x0000037b   Thumb Code     2  heapauxi.o(.text)
    __rt_heap_expand$2region                 0x0000037d   Thumb Code     2  heapauxi.o(.text)
    __user_setup_stackheap                   0x0000037f   Thumb Code    74  sys_stackheap_outer.o(.text)
    exit                                     0x000003c9   Thumb Code    12  exit.o(.text)
    __user_libspace                          0x000003d5   Thumb Code     8  libspace.o(.text)
    __user_perproc_libspace                  0x000003d5   Thumb Code     0  libspace.o(.text)
    __user_perthread_libspace                0x000003d5   Thumb Code     0  libspace.o(.text)
    _sys_exit                                0x000003dd   Thumb Code     8  sys_exit.o(.text)
    __I$use$semihosting                      0x000003e9   Thumb Code     0  use_no_semi.o(.text)
    __use_no_semihosting_swi                 0x000003e9   Thumb Code     2  use_no_semi.o(.text)
    __semihosting_library_function           0x000003eb   Thumb Code     0  indicate_semi.o(.text)
    ADC0_In                                  0x000003ed   Thumb Code    36  adc.o(i.ADC0_In)
    ADC0_Init                                0x00000419   Thumb Code   208  adc.o(i.ADC0_Init)
    ADC1_In                                  0x0000050d   Thumb Code     6  texas.o(i.ADC1_In)
    ADC1_Init                                0x00000519   Thumb Code   174  texas.o(i.ADC1_Init)
    Convert                                  0x000005ed   Thumb Code    18  spaceinvaders.o(i.Convert)
    DAC_Init                                 0x00000601   Thumb Code   100  dac.o(i.DAC_Init)
    DAC_Out                                  0x00000681   Thumb Code    10  dac.o(i.DAC_Out)
    Delay100ms                               0x00000691   Thumb Code    30  spaceinvaders.o(i.Delay100ms)
    Draw                                     0x000006b5   Thumb Code   312  spaceinvaders.o(i.Draw)
    Draw1                                    0x0000081d   Thumb Code   312  spaceinvaders.o(i.Draw1)
    Init                                     0x00000985   Thumb Code   316  spaceinvaders.o(i.Init)
    Moveleft                                 0x00000b19   Thumb Code    58  spaceinvaders.o(i.Moveleft)
    Moveright                                0x00000b5d   Thumb Code    58  spaceinvaders.o(i.Moveright)
    Nokia5110_Clear                          0x00000ba1   Thumb Code    18  virtualnokia5110.o(i.Nokia5110_Clear)
    Nokia5110_ClearBuffer                    0x00000bb3   Thumb Code    10  virtualnokia5110.o(i.Nokia5110_ClearBuffer)
    Nokia5110_DisplayBuffer                  0x00000bbd   Thumb Code    10  virtualnokia5110.o(i.Nokia5110_DisplayBuffer)
    Nokia5110_Init                           0x00000bc9   Thumb Code    26  virtualnokia5110.o(i.Nokia5110_Init)
    Nokia5110_OutChar                        0x00000be9   Thumb Code    20  virtualnokia5110.o(i.Nokia5110_OutChar)
    Nokia5110_OutString                      0x00000bfd   Thumb Code    22  virtualnokia5110.o(i.Nokia5110_OutString)
    Nokia5110_OutUDec                        0x00000c15   Thumb Code   394  virtualnokia5110.o(i.Nokia5110_OutUDec)
    Nokia5110_PrintBMP                       0x00000db1   Thumb Code   350  virtualnokia5110.o(i.Nokia5110_PrintBMP)
    Nokia5110_SetCursor                      0x00000f15   Thumb Code    36  virtualnokia5110.o(i.Nokia5110_SetCursor)
    PLL_Init                                 0x00000f39   Thumb Code   118  texas.o(i.PLL_Init)
    RxFifo_Init                              0x00000fb5   Thumb Code    26  virtualnokia5110.o(i.RxFifo_Init)
    RxFifo_Put                               0x00000fd9   Thumb Code    48  virtualnokia5110.o(i.RxFifo_Put)
    RxFifo_Size                              0x00001015   Thumb Code    14  virtualnokia5110.o(i.RxFifo_Size)
    SetCode                                  0x0000102d   Thumb Code    20  texas.o(i.SetCode)
    SetCourse                                0x00001045   Thumb Code    20  texas.o(i.SetCourse)
    Sound1_Init                              0x0000105d   Thumb Code    50  spaceinvaders.o(i.Sound1_Init)
    Sound_Killed                             0x0000109d   Thumb Code    14  sound.o(i.Sound_Killed)
    Sound_Play                               0x000010b1   Thumb Code    26  sound.o(i.Sound_Play)
    Sound_Shoot                              0x000010d9   Thumb Code    14  sound.o(i.Sound_Shoot)
    SysTick_Handler                          0x000010ed   Thumb Code    82  spaceinvaders.o(i.SysTick_Handler)
    TExaS_Init                               0x00001155   Thumb Code   324  texas.o(i.TExaS_Init)
    Timer2A_Handler                          0x00001319   Thumb Code    56  sound.o(i.Timer2A_Handler)
    Timer2A_Start                            0x00001361   Thumb Code    14  sound.o(i.Timer2A_Start)
    Timer2A_Stop                             0x00001375   Thumb Code    14  sound.o(i.Timer2A_Stop)
    Timer2_Init                              0x00001389   Thumb Code    82  sound.o(i.Timer2_Init)
    Timer4A_Handler                          0x000013f1   Thumb Code    20  texas.o(i.Timer4A_Handler)
    Timer5A_Handler                          0x00001411   Thumb Code    34  texas.o(i.Timer5A_Handler)
    TxFifo_Get                               0x00001441   Thumb Code    46  virtualnokia5110.o(i.TxFifo_Get)
    TxFifo_Init                              0x0000147d   Thumb Code    26  virtualnokia5110.o(i.TxFifo_Init)
    TxFifo_Put                               0x000014a1   Thumb Code    48  virtualnokia5110.o(i.TxFifo_Put)
    TxFifo_Size                              0x000014dd   Thumb Code    14  virtualnokia5110.o(i.TxFifo_Size)
    UART0_Handler                            0x000014f5   Thumb Code    82  virtualnokia5110.o(i.UART0_Handler)
    UART0_Init                               0x0000154d   Thumb Code   160  texas.o(i.UART0_Init)
    UART_Init                                0x0000160d   Thumb Code   170  virtualnokia5110.o(i.UART_Init)
    UART_OutChar                             0x000016d5   Thumb Code    46  virtualnokia5110.o(i.UART_OutChar)
    main                                     0x0000175d   Thumb Code  2158  spaceinvaders.o(i.main)
    SmallEnemy30PointA                       0x000021f8   Data         199  spaceinvaders.o(.constdata)
    SmallEnemy30PointB                       0x000022bf   Data         199  spaceinvaders.o(.constdata)
    SmallEnemy20PointA                       0x00002386   Data         199  spaceinvaders.o(.constdata)
    SmallEnemy20PointB                       0x0000244d   Data         199  spaceinvaders.o(.constdata)
    SmallEnemy10PointA                       0x00002514   Data         199  spaceinvaders.o(.constdata)
    SmallEnemy10PointB                       0x000025db   Data         199  spaceinvaders.o(.constdata)
    PlayerShip0                              0x000026a2   Data         215  spaceinvaders.o(.constdata)
    SmallEnemyBonus0                         0x00002779   Data         203  spaceinvaders.o(.constdata)
    Bunker0                                  0x00002844   Data         179  spaceinvaders.o(.constdata)
    Bunker1                                  0x000028f7   Data         179  spaceinvaders.o(.constdata)
    Bunker2                                  0x000029aa   Data         179  spaceinvaders.o(.constdata)
    Bunker3                                  0x00002a5d   Data         179  spaceinvaders.o(.constdata)
    BigExplosion0                            0x00002b10   Data         215  spaceinvaders.o(.constdata)
    BigExplosion1                            0x00002be7   Data         215  spaceinvaders.o(.constdata)
    SmallExplosion0                          0x00002cbe   Data         199  spaceinvaders.o(.constdata)
    SmallExplosion1                          0x00002d85   Data         199  spaceinvaders.o(.constdata)
    Missile0                                 0x00002e4c   Data         155  spaceinvaders.o(.constdata)
    Missile1                                 0x00002ee7   Data         155  spaceinvaders.o(.constdata)
    Missile2                                 0x00002f82   Data         155  spaceinvaders.o(.constdata)
    Laser0                                   0x0000301d   Data         155  spaceinvaders.o(.constdata)
    Laser1                                   0x000030b8   Data         155  spaceinvaders.o(.constdata)
    NoInputMsg                               0x00003153   Data          40  texas.o(.constdata)
    OutputPortMsg0                           0x0000317b   Data          40  texas.o(.constdata)
    OutputPortMsg1                           0x000031a3   Data          40  texas.o(.constdata)
    OutputPortMsg2                           0x000031cb   Data          40  texas.o(.constdata)
    OutputPortMsg3                           0x000031f3   Data          40  texas.o(.constdata)
    BlankMsg                                 0x0000321b   Data          40  texas.o(.constdata)
    InitializedMsg                           0x00003243   Data          40  texas.o(.constdata)
    IntroMsg                                 0x0000326b   Data          40  texas.o(.constdata)
    DoneMsg                                  0x00003293   Data          40  texas.o(.constdata)
    shoot                                    0x000032bb   Data        4080  sound.o(.constdata)
    invaderkilled                            0x000042ab   Data        3377  sound.o(.constdata)
    Region$$Table$$Base                      0x00004fdc   Number         0  anon$$obj.o(Region$$Table)
    Region$$Table$$Limit                     0x00004ffc   Number         0  anon$$obj.o(Region$$Table)
    a                                        0x20000000   Data           4  spaceinvaders.o(.data)
    f3                                       0x20000004   Data           4  spaceinvaders.o(.data)
    f4                                       0x20000008   Data           4  spaceinvaders.o(.data)
    AnyLife1                                 0x2000000c   Data           4  spaceinvaders.o(.data)
    AnyLife                                  0x20000010   Data           4  spaceinvaders.o(.data)
    FrameCount                               0x20000014   Data           4  spaceinvaders.o(.data)
    TimerCount                               0x20000018   Data           4  spaceinvaders.o(.data)
    Semaphore                                0x2000001c   Data           4  spaceinvaders.o(.data)
    flag                                     0x20000020   Data           4  spaceinvaders.o(.data)
    f2                                       0x20000024   Data           4  spaceinvaders.o(.data)
    slider                                   0x20000028   Data           4  spaceinvaders.o(.data)
    ADCdata                                  0x2000002c   Data           4  spaceinvaders.o(.data)
    TExaS_Period                             0x20000030   Data           4  texas.o(.data)
    TExaS_Ports                              0x20000034   Data           8  texas.o(.data)
    Display                                  0x2000003c   Data           1  texas.o(.data)
    TExaS_Meter                              0x20000040   Data           4  texas.o(.data)
    ADCnum                                   0x20000044   Data           4  texas.o(.data)
    LastMode                                 0x20000048   Data           4  texas.o(.data)
    bFlag                                    0x2000004c   Data           4  texas.o(.data)
    Count                                    0x20000050   Data           4  texas.o(.data)
    DelayBetweenTests                        0x20000054   Data           4  texas.o(.data)
    TExaS_Test                               0x20000058   Data           4  texas.o(.data)
    ScopeMode                                0x2000005c   Data           4  texas.o(.data)
    ScopeCount                               0x20000060   Data           4  texas.o(.data)
    RxPutI                                   0x20000064   Data           4  virtualnokia5110.o(.data)
    RxGetI                                   0x20000068   Data           4  virtualnokia5110.o(.data)
    TxPutI                                   0x2000006c   Data           4  virtualnokia5110.o(.data)
    TxGetI                                   0x20000070   Data           4  virtualnokia5110.o(.data)
    Index                                    0x20000074   Data           4  sound.o(.data)
    Count1                                   0x20000078   Data           4  sound.o(.data)
    Wave                                     0x2000007c   Data           4  sound.o(.data)
    f1                                       0x20000084   Data          16  spaceinvaders.o(.bss)
    f5                                       0x20000094   Data          48  spaceinvaders.o(.bss)
    bunker                                   0x200000c4   Data          20  spaceinvaders.o(.bss)
    Enemy                                    0x200000d8   Data         336  spaceinvaders.o(.bss)
    missile                                  0x20000228   Data          28  spaceinvaders.o(.bss)
    laser                                    0x20000244   Data          28  spaceinvaders.o(.bss)
    player                                   0x20000260   Data          28  spaceinvaders.o(.bss)
    TExaS                                    0x20000280   Data          56  texas.o(.bss)
    BMPtable                                 0x200004c8   Data        1024  virtualnokia5110.o(.bss)
    __libspace_start                         0x200008c8   Data          96  libspace.o(.bss)
    __temporary_stack_top$libspace           0x20000928   Data           0  libspace.o(.bss)



==============================================================================

Memory Map of the image

  Image Entry point : 0x0000026d

  Load Region LR_1 (Base: 0x00000000, Size: 0x00005080, Max: 0xffffffff, ABSOLUTE)

    Execution Region ER_RO (Base: 0x00000000, Size: 0x00004ffc, Max: 0xffffffff, ABSOLUTE)

    Base Addr    Size         Type   Attr      Idx    E Section Name        Object

    0x00000000   0x00000284   Code   RO            3  * RESET               startup.o
    0x00000284   0x00000008   Code   RO          459  * !!!main             c_w.l(__main.o)
    0x0000028c   0x00000034   Code   RO          613    !!!scatter          c_w.l(__scatter.o)
    0x000002c0   0x0000001a   Code   RO          615    !!handler_copy      c_w.l(__scatter_copy.o)
    0x000002da   0x00000002   PAD
    0x000002dc   0x0000001c   Code   RO          617    !!handler_zi        c_w.l(__scatter_zi.o)
    0x000002f8   0x00000002   Code   RO          486    .ARM.Collect$$libinit$$00000000  c_w.l(libinit.o)
    0x000002fa   0x00000000   Code   RO          493    .ARM.Collect$$libinit$$00000002  c_w.l(libinit2.o)
    0x000002fa   0x00000000   Code   RO          496    .ARM.Collect$$libinit$$00000008  c_w.l(libinit2.o)
    0x000002fa   0x00000000   Code   RO          498    .ARM.Collect$$libinit$$0000000A  c_w.l(libinit2.o)
    0x000002fa   0x00000000   Code   RO          500    .ARM.Collect$$libinit$$0000000C  c_w.l(libinit2.o)
    0x000002fa   0x00000000   Code   RO          503    .ARM.Collect$$libinit$$0000000F  c_w.l(libinit2.o)
    0x000002fa   0x00000000   Code   RO          505    .ARM.Collect$$libinit$$00000011  c_w.l(libinit2.o)
    0x000002fa   0x00000000   Code   RO          507    .ARM.Collect$$libinit$$00000013  c_w.l(libinit2.o)
    0x000002fa   0x00000000   Code   RO          509    .ARM.Collect$$libinit$$00000015  c_w.l(libinit2.o)
    0x000002fa   0x00000000   Code   RO          511    .ARM.Collect$$libinit$$00000017  c_w.l(libinit2.o)
    0x000002fa   0x00000000   Code   RO          513    .ARM.Collect$$libinit$$00000019  c_w.l(libinit2.o)
    0x000002fa   0x00000000   Code   RO          515    .ARM.Collect$$libinit$$0000001B  c_w.l(libinit2.o)
    0x000002fa   0x00000000   Code   RO          517    .ARM.Collect$$libinit$$0000001D  c_w.l(libinit2.o)
    0x000002fa   0x00000000   Code   RO          519    .ARM.Collect$$libinit$$0000001F  c_w.l(libinit2.o)
    0x000002fa   0x00000000   Code   RO          521    .ARM.Collect$$libinit$$00000021  c_w.l(libinit2.o)
    0x000002fa   0x00000000   Code   RO          523    .ARM.Collect$$libinit$$00000023  c_w.l(libinit2.o)
    0x000002fa   0x00000000   Code   RO          527    .ARM.Collect$$libinit$$0000002A  c_w.l(libinit2.o)
    0x000002fa   0x00000000   Code   RO          529    .ARM.Collect$$libinit$$0000002C  c_w.l(libinit2.o)
    0x000002fa   0x00000000   Code   RO          531    .ARM.Collect$$libinit$$0000002E  c_w.l(libinit2.o)
    0x000002fa   0x00000000   Code   RO          533    .ARM.Collect$$libinit$$00000030  c_w.l(libinit2.o)
    0x000002fa   0x00000002   Code   RO          534    .ARM.Collect$$libinit$$00000031  c_w.l(libinit2.o)
    0x000002fc   0x00000002   Code   RO          554    .ARM.Collect$$libshutdown$$00000000  c_w.l(libshutdown.o)
    0x000002fe   0x00000000   Code   RO          568    .ARM.Collect$$libshutdown$$00000003  c_w.l(libshutdown2.o)
    0x000002fe   0x00000000   Code   RO          571    .ARM.Collect$$libshutdown$$00000006  c_w.l(libshutdown2.o)
    0x000002fe   0x00000000   Code   RO          574    .ARM.Collect$$libshutdown$$00000009  c_w.l(libshutdown2.o)
    0x000002fe   0x00000000   Code   RO          576    .ARM.Collect$$libshutdown$$0000000B  c_w.l(libshutdown2.o)
    0x000002fe   0x00000000   Code   RO          579    .ARM.Collect$$libshutdown$$0000000E  c_w.l(libshutdown2.o)
    0x000002fe   0x00000002   Code   RO          580    .ARM.Collect$$libshutdown$$0000000F  c_w.l(libshutdown2.o)
    0x00000300   0x00000000   Code   RO          461    .ARM.Collect$$rtentry$$00000000  c_w.l(rtentry.o)
    0x00000300   0x00000000   Code   RO          463    .ARM.Collect$$rtentry$$00000002  c_w.l(rtentry2.o)
    0x00000300   0x00000006   Code   RO          475    .ARM.Collect$$rtentry$$00000004  c_w.l(rtentry4.o)
    0x00000306   0x00000000   Code   RO          465    .ARM.Collect$$rtentry$$00000009  c_w.l(rtentry2.o)
    0x00000306   0x00000004   Code   RO          466    .ARM.Collect$$rtentry$$0000000A  c_w.l(rtentry2.o)
    0x0000030a   0x00000000   Code   RO          468    .ARM.Collect$$rtentry$$0000000C  c_w.l(rtentry2.o)
    0x0000030a   0x00000008   Code   RO          469    .ARM.Collect$$rtentry$$0000000D  c_w.l(rtentry2.o)
    0x00000312   0x00000002   Code   RO          490    .ARM.Collect$$rtexit$$00000000  c_w.l(rtexit.o)
    0x00000314   0x00000000   Code   RO          536    .ARM.Collect$$rtexit$$00000002  c_w.l(rtexit2.o)
    0x00000314   0x00000004   Code   RO          537    .ARM.Collect$$rtexit$$00000003  c_w.l(rtexit2.o)
    0x00000318   0x00000006   Code   RO          538    .ARM.Collect$$rtexit$$00000004  c_w.l(rtexit2.o)
    0x0000031e   0x00000002   PAD
    0x00000320   0x00000030   Code   RO            4    .text               startup.o
    0x00000350   0x00000028   Code   RO           13    .text               random.o
    0x00000378   0x00000006   Code   RO          457    .text               c_w.l(heapauxi.o)
    0x0000037e   0x0000004a   Code   RO          477    .text               c_w.l(sys_stackheap_outer.o)
    0x000003c8   0x0000000c   Code   RO          479    .text               c_w.l(exit.o)
    0x000003d4   0x00000008   Code   RO          487    .text               c_w.l(libspace.o)
    0x000003dc   0x0000000c   Code   RO          546    .text               c_w.l(sys_exit.o)
    0x000003e8   0x00000002   Code   RO          557    .text               c_w.l(use_no_semi.o)
    0x000003ea   0x00000000   Code   RO          559    .text               c_w.l(indicate_semi.o)
    0x000003ea   0x00000002   PAD
    0x000003ec   0x0000002c   Code   RO          419    i.ADC0_In           adc.o
    0x00000418   0x000000f4   Code   RO          420    i.ADC0_Init         adc.o
    0x0000050c   0x0000000c   Code   RO           95    i.ADC1_In           texas.o
    0x00000518   0x000000d4   Code   RO           96    i.ADC1_Init         texas.o
    0x000005ec   0x00000012   Code   RO           16    i.Convert           spaceinvaders.o
    0x000005fe   0x00000002   PAD
    0x00000600   0x00000080   Code   RO          437    i.DAC_Init          dac.o
    0x00000680   0x00000010   Code   RO          438    i.DAC_Out           dac.o
    0x00000690   0x00000024   Code   RO           17    i.Delay100ms        spaceinvaders.o
    0x000006b4   0x00000168   Code   RO           18    i.Draw              spaceinvaders.o
    0x0000081c   0x00000168   Code   RO           19    i.Draw1             spaceinvaders.o
    0x00000984   0x00000194   Code   RO           20    i.Init              spaceinvaders.o
    0x00000b18   0x00000044   Code   RO           21    i.Moveleft          spaceinvaders.o
    0x00000b5c   0x00000044   Code   RO           22    i.Moveright         spaceinvaders.o
    0x00000ba0   0x00000012   Code   RO          214    i.Nokia5110_Clear   virtualnokia5110.o
    0x00000bb2   0x0000000a   Code   RO          215    i.Nokia5110_ClearBuffer  virtualnokia5110.o
    0x00000bbc   0x0000000a   Code   RO          216    i.Nokia5110_DisplayBuffer  virtualnokia5110.o
    0x00000bc6   0x00000002   PAD
    0x00000bc8   0x00000020   Code   RO          218    i.Nokia5110_Init    virtualnokia5110.o
    0x00000be8   0x00000014   Code   RO          219    i.Nokia5110_OutChar  virtualnokia5110.o
    0x00000bfc   0x00000016   Code   RO          220    i.Nokia5110_OutString  virtualnokia5110.o
    0x00000c12   0x00000002   PAD
    0x00000c14   0x0000019c   Code   RO          221    i.Nokia5110_OutUDec  virtualnokia5110.o
    0x00000db0   0x00000164   Code   RO          222    i.Nokia5110_PrintBMP  virtualnokia5110.o
    0x00000f14   0x00000024   Code   RO          223    i.Nokia5110_SetCursor  virtualnokia5110.o
    0x00000f38   0x0000007c   Code   RO           97    i.PLL_Init          texas.o
    0x00000fb4   0x00000024   Code   RO          225    i.RxFifo_Init       virtualnokia5110.o
    0x00000fd8   0x0000003c   Code   RO          226    i.RxFifo_Put        virtualnokia5110.o
    0x00001014   0x00000018   Code   RO          227    i.RxFifo_Size       virtualnokia5110.o
    0x0000102c   0x00000018   Code   RO           98    i.SetCode           texas.o
    0x00001044   0x00000018   Code   RO           99    i.SetCourse         texas.o
    0x0000105c   0x00000040   Code   RO           23    i.Sound1_Init       spaceinvaders.o
    0x0000109c   0x00000014   Code   RO          367    i.Sound_Killed      sound.o
    0x000010b0   0x00000028   Code   RO          368    i.Sound_Play        sound.o
    0x000010d8   0x00000014   Code   RO          369    i.Sound_Shoot       sound.o
    0x000010ec   0x00000068   Code   RO           24    i.SysTick_Handler   spaceinvaders.o
    0x00001154   0x000001c4   Code   RO          103    i.TExaS_Init        texas.o
    0x00001318   0x00000048   Code   RO          370    i.Timer2A_Handler   sound.o
    0x00001360   0x00000014   Code   RO          371    i.Timer2A_Start     sound.o
    0x00001374   0x00000014   Code   RO          372    i.Timer2A_Stop      sound.o
    0x00001388   0x00000068   Code   RO          373    i.Timer2_Init       sound.o
    0x000013f0   0x00000020   Code   RO          105    i.Timer4A_Handler   texas.o
    0x00001410   0x00000030   Code   RO          106    i.Timer5A_Handler   texas.o
    0x00001440   0x0000003c   Code   RO          228    i.TxFifo_Get        virtualnokia5110.o
    0x0000147c   0x00000024   Code   RO          229    i.TxFifo_Init       virtualnokia5110.o
    0x000014a0   0x0000003c   Code   RO          230    i.TxFifo_Put        virtualnokia5110.o
    0x000014dc   0x00000018   Code   RO          231    i.TxFifo_Size       virtualnokia5110.o
    0x000014f4   0x00000058   Code   RO          232    i.UART0_Handler     virtualnokia5110.o
    0x0000154c   0x000000c0   Code   RO          109    i.UART0_Init        texas.o
    0x0000160c   0x000000c8   Code   RO          234    i.UART_Init         virtualnokia5110.o
    0x000016d4   0x00000034   Code   RO          235    i.UART_OutChar      virtualnokia5110.o
    0x00001708   0x00000028   Code   RO          236    i.copyHardwareToSoftware  virtualnokia5110.o
    0x00001730   0x0000002c   Code   RO          237    i.copySoftwareToHardware  virtualnokia5110.o
    0x0000175c   0x000008bc   Code   RO           25    i.main              spaceinvaders.o
    0x00002018   0x0000113b   Data   RO           27    .constdata          spaceinvaders.o
    0x00003153   0x00000168   Data   RO          114    .constdata          texas.o
    0x000032bb   0x00001d21   Data   RO          374    .constdata          sound.o
    0x00004fdc   0x00000020   Data   RO          611    Region$$Table       anon$$obj.o


    Execution Region ER_RW (Base: 0x20000000, Size: 0x00000084, Max: 0xffffffff, ABSOLUTE)

    Base Addr    Size         Type   Attr      Idx    E Section Name        Object

    0x20000000   0x00000030   Data   RW           28    .data               spaceinvaders.o
    0x20000030   0x00000034   Data   RW          115    .data               texas.o
    0x20000064   0x00000010   Data   RW          240    .data               virtualnokia5110.o
    0x20000074   0x0000000c   Data   RW          375    .data               sound.o
    0x20000080   0x00000004   Data   RW           12    DATA                random.o


    Execution Region ER_ZI (Base: 0x20000084, Size: 0x00000ca4, Max: 0xffffffff, ABSOLUTE)

    Base Addr    Size         Type   Attr      Idx    E Section Name        Object

    0x20000084   0x000001f8   Zero   RW           26    .bss                spaceinvaders.o
    0x2000027c   0x00000004   PAD
    0x20000280   0x00000038   Zero   RW          113    .bss                texas.o
    0x200002b8   0x00000610   Zero   RW          238    .bss                virtualnokia5110.o
    0x200008c8   0x00000060   Zero   RW          488    .bss                c_w.l(libspace.o)
    0x20000928   0x00000000   Zero   RW            2    HEAP                startup.o
    0x20000928   0x00000400   Zero   RW            1    STACK               startup.o


==============================================================================

Image component sizes


      Code (inc. data)   RO Data    RW Data    ZI Data      Debug   Object Name

       288         44          0          0          0        846   adc.o
       144         34          0          0          0        789   dac.o
        40         12          0          4          0        180   random.o
       296         76       7457         12          0       3361   sound.o
      3718        472       4411         48        504      10937   spaceinvaders.o
       692        632          0          0       1024        884   startup.o
      1120        244        360         52         56      15476   texas.o
      1640        160          0         16       1552      13911   virtualnokia5110.o

    ----------------------------------------------------------------------
      7944       1674      12260        132       3140      46384   Object Totals
         0          0         32          0          0          0   (incl. Generated)
         6          0          0          0          4          0   (incl. Padding)

    ----------------------------------------------------------------------

      Code (inc. data)   RO Data    RW Data    ZI Data      Debug   Library Member Name

         8          0          0          0          0         68   __main.o
        52          8          0          0          0          0   __scatter.o
        26          0          0          0          0          0   __scatter_copy.o
        28          0          0          0          0          0   __scatter_zi.o
        12          0          0          0          0         72   exit.o
         6          0          0          0          0        152   heapauxi.o
         0          0          0          0          0          0   indicate_semi.o
         2          0          0          0          0          0   libinit.o
         2          0          0          0          0          0   libinit2.o
         2          0          0          0          0          0   libshutdown.o
         2          0          0          0          0          0   libshutdown2.o
         8          4          0          0         96         68   libspace.o
         0          0          0          0          0          0   rtentry.o
        12          0          0          0          0          0   rtentry2.o
         6          0          0          0          0          0   rtentry4.o
         2          0          0          0          0          0   rtexit.o
        10          0          0          0          0          0   rtexit2.o
        12          4          0          0          0         68   sys_exit.o
        74          0          0          0          0         80   sys_stackheap_outer.o
         2          0          0          0          0         68   use_no_semi.o

    ----------------------------------------------------------------------
       272         16          0          0         96        576   Library Totals
         6          0          0          0          0          0   (incl. Padding)

    ----------------------------------------------------------------------

      Code (inc. data)   RO Data    RW Data    ZI Data      Debug   Library Name

       266         16          0          0         96        576   c_w.l

    ----------------------------------------------------------------------
       272         16          0          0         96        576   Library Totals

    ----------------------------------------------------------------------

==============================================================================


      Code (inc. data)   RO Data    RW Data    ZI Data      Debug   

      8216       1690      12260        132       3236      44204   Grand Totals
      8216       1690      12260        132       3236      44204   ELF Image Totals
      8216       1690      12260        132          0          0   ROM Totals

==============================================================================

    Total RO  Size (Code + RO Data)                20476 (  20.00kB)
    Total RW  Size (RW Data + ZI Data)              3368 (   3.29kB)
    Total ROM Size (Code + RO Data + RW Data)      20608 (  20.13kB)

==============================================================================

